                                 Started job on |	Oct 17 19:07:09
                             Started mapping on |	Oct 17 19:07:09
                                    Finished on |	Oct 17 19:07:15
       Mapping speed, Million of reads per hour |	7.16

                          Number of input reads |	11940
                      Average input read length |	43
                                    UNIQUE READS:
                   Uniquely mapped reads number |	1141
                        Uniquely mapped reads % |	9.56%
                          Average mapped length |	39.17
                       Number of splices: Total |	22
            Number of splices: Annotated (sjdb) |	14
                       Number of splices: GT/AG |	22
                       Number of splices: GC/AG |	0
                       Number of splices: AT/AC |	0
               Number of splices: Non-canonical |	0
                      Mismatch rate per base, % |	5.30%
                         Deletion rate per base |	0.02%
                        Deletion average length |	1.40
                        Insertion rate per base |	0.01%
                       Insertion average length |	1.00
                             MULTI-MAPPING READS:
        Number of reads mapped to multiple loci |	813
             % of reads mapped to multiple loci |	6.81%
        Number of reads mapped to too many loci |	0
             % of reads mapped to too many loci |	0.00%
                                  UNMAPPED READS:
  Number of reads unmapped: too many mismatches |	0
       % of reads unmapped: too many mismatches |	0.00%
            Number of reads unmapped: too short |	9986
                 % of reads unmapped: too short |	83.63%
                Number of reads unmapped: other |	0
                     % of reads unmapped: other |	0.00%
                                  CHIMERIC READS:
                       Number of chimeric reads |	0
                            % of chimeric reads |	0.00%
