                                 Started job on |	Oct 17 19:07:22
                             Started mapping on |	Oct 17 19:07:22
                                    Finished on |	Oct 17 19:07:29
       Mapping speed, Million of reads per hour |	4.40

                          Number of input reads |	8559
                      Average input read length |	43
                                    UNIQUE READS:
                   Uniquely mapped reads number |	813
                        Uniquely mapped reads % |	9.50%
                          Average mapped length |	39.07
                       Number of splices: Total |	24
            Number of splices: Annotated (sjdb) |	19
                       Number of splices: GT/AG |	23
                       Number of splices: GC/AG |	1
                       Number of splices: AT/AC |	0
               Number of splices: Non-canonical |	0
                      Mismatch rate per base, % |	4.96%
                         Deletion rate per base |	0.01%
                        Deletion average length |	1.00
                        Insertion rate per base |	0.01%
                       Insertion average length |	1.00
                             MULTI-MAPPING READS:
        Number of reads mapped to multiple loci |	457
             % of reads mapped to multiple loci |	5.34%
        Number of reads mapped to too many loci |	0
             % of reads mapped to too many loci |	0.00%
                                  UNMAPPED READS:
  Number of reads unmapped: too many mismatches |	0
       % of reads unmapped: too many mismatches |	0.00%
            Number of reads unmapped: too short |	7289
                 % of reads unmapped: too short |	85.16%
                Number of reads unmapped: other |	0
                     % of reads unmapped: other |	0.00%
                                  CHIMERIC READS:
                       Number of chimeric reads |	0
                            % of chimeric reads |	0.00%
