                                 Started job on |	Oct 17 19:07:29
                             Started mapping on |	Oct 17 19:07:30
                                    Finished on |	Oct 17 19:07:35
       Mapping speed, Million of reads per hour |	4.37

                          Number of input reads |	6073
                      Average input read length |	43
                                    UNIQUE READS:
                   Uniquely mapped reads number |	556
                        Uniquely mapped reads % |	9.16%
                          Average mapped length |	38.67
                       Number of splices: Total |	15
            Number of splices: Annotated (sjdb) |	13
                       Number of splices: GT/AG |	15
                       Number of splices: GC/AG |	0
                       Number of splices: AT/AC |	0
               Number of splices: Non-canonical |	0
                      Mismatch rate per base, % |	4.97%
                         Deletion rate per base |	0.00%
                        Deletion average length |	0.00
                        Insertion rate per base |	0.02%
                       Insertion average length |	1.00
                             MULTI-MAPPING READS:
        Number of reads mapped to multiple loci |	315
             % of reads mapped to multiple loci |	5.19%
        Number of reads mapped to too many loci |	0
             % of reads mapped to too many loci |	0.00%
                                  UNMAPPED READS:
  Number of reads unmapped: too many mismatches |	0
       % of reads unmapped: too many mismatches |	0.00%
            Number of reads unmapped: too short |	5201
                 % of reads unmapped: too short |	85.64%
                Number of reads unmapped: other |	1
                     % of reads unmapped: other |	0.02%
                                  CHIMERIC READS:
                       Number of chimeric reads |	0
                            % of chimeric reads |	0.00%
