                                 Started job on |	Oct 17 19:07:09
                             Started mapping on |	Oct 17 19:07:09
                                    Finished on |	Oct 17 19:07:15
       Mapping speed, Million of reads per hour |	7.37

                          Number of input reads |	12280
                      Average input read length |	43
                                    UNIQUE READS:
                   Uniquely mapped reads number |	1155
                        Uniquely mapped reads % |	9.41%
                          Average mapped length |	39.03
                       Number of splices: Total |	29
            Number of splices: Annotated (sjdb) |	21
                       Number of splices: GT/AG |	28
                       Number of splices: GC/AG |	1
                       Number of splices: AT/AC |	0
               Number of splices: Non-canonical |	0
                      Mismatch rate per base, % |	5.46%
                         Deletion rate per base |	0.02%
                        Deletion average length |	1.22
                        Insertion rate per base |	0.02%
                       Insertion average length |	1.50
                             MULTI-MAPPING READS:
        Number of reads mapped to multiple loci |	834
             % of reads mapped to multiple loci |	6.79%
        Number of reads mapped to too many loci |	0
             % of reads mapped to too many loci |	0.00%
                                  UNMAPPED READS:
  Number of reads unmapped: too many mismatches |	0
       % of reads unmapped: too many mismatches |	0.00%
            Number of reads unmapped: too short |	10291
                 % of reads unmapped: too short |	83.80%
                Number of reads unmapped: other |	0
                     % of reads unmapped: other |	0.00%
                                  CHIMERIC READS:
                       Number of chimeric reads |	0
                            % of chimeric reads |	0.00%
