                                 Started job on |	Oct 17 19:07:21
                             Started mapping on |	Oct 17 19:07:21
                                    Finished on |	Oct 17 19:07:29
       Mapping speed, Million of reads per hour |	4.04

                          Number of input reads |	8984
                      Average input read length |	43
                                    UNIQUE READS:
                   Uniquely mapped reads number |	844
                        Uniquely mapped reads % |	9.39%
                          Average mapped length |	39.38
                       Number of splices: Total |	15
            Number of splices: Annotated (sjdb) |	10
                       Number of splices: GT/AG |	15
                       Number of splices: GC/AG |	0
                       Number of splices: AT/AC |	0
               Number of splices: Non-canonical |	0
                      Mismatch rate per base, % |	5.41%
                         Deletion rate per base |	0.02%
                        Deletion average length |	1.50
                        Insertion rate per base |	0.01%
                       Insertion average length |	3.00
                             MULTI-MAPPING READS:
        Number of reads mapped to multiple loci |	561
             % of reads mapped to multiple loci |	6.24%
        Number of reads mapped to too many loci |	0
             % of reads mapped to too many loci |	0.00%
                                  UNMAPPED READS:
  Number of reads unmapped: too many mismatches |	0
       % of reads unmapped: too many mismatches |	0.00%
            Number of reads unmapped: too short |	7577
                 % of reads unmapped: too short |	84.34%
                Number of reads unmapped: other |	2
                     % of reads unmapped: other |	0.02%
                                  CHIMERIC READS:
                       Number of chimeric reads |	0
                            % of chimeric reads |	0.00%
