                                 Started job on |	Oct 17 19:07:15
                             Started mapping on |	Oct 17 19:07:15
                                    Finished on |	Oct 17 19:07:21
       Mapping speed, Million of reads per hour |	5.97

                          Number of input reads |	9944
                      Average input read length |	43
                                    UNIQUE READS:
                   Uniquely mapped reads number |	955
                        Uniquely mapped reads % |	9.60%
                          Average mapped length |	38.91
                       Number of splices: Total |	19
            Number of splices: Annotated (sjdb) |	12
                       Number of splices: GT/AG |	18
                       Number of splices: GC/AG |	1
                       Number of splices: AT/AC |	0
               Number of splices: Non-canonical |	0
                      Mismatch rate per base, % |	5.32%
                         Deletion rate per base |	0.02%
                        Deletion average length |	1.14
                        Insertion rate per base |	0.01%
                       Insertion average length |	1.00
                             MULTI-MAPPING READS:
        Number of reads mapped to multiple loci |	620
             % of reads mapped to multiple loci |	6.23%
        Number of reads mapped to too many loci |	0
             % of reads mapped to too many loci |	0.00%
                                  UNMAPPED READS:
  Number of reads unmapped: too many mismatches |	0
       % of reads unmapped: too many mismatches |	0.00%
            Number of reads unmapped: too short |	8368
                 % of reads unmapped: too short |	84.15%
                Number of reads unmapped: other |	1
                     % of reads unmapped: other |	0.01%
                                  CHIMERIC READS:
                       Number of chimeric reads |	0
                            % of chimeric reads |	0.00%
